// Jest Snapshot v1, https://goo.gl/fbAQLP

exports[`Editor render matches current snapshop 1`] = `
<div
  className="MuiGrid-root MuiGrid-container"
>
  <nav
    className="makeStyles-nav-3"
  >
    <a
      className="makeStyles-navItem-4"
      href="/"
      onClick={[Function]}
    >
      Home
    </a>
    <a
      className="makeStyles-navItem-4"
      href="/editor"
      onClick={[Function]}
    >
      Editor
    </a>
    <a
      className="makeStyles-navItem-4"
      href="/error"
      onClick={[Function]}
    >
      Error
    </a>
  </nav>
  <section
    className="MuiGrid-root makeStyles-section-1 MuiGrid-container"
  >
    <div
      className="MuiGrid-root MuiGrid-item MuiGrid-grid-xs-12"
    >
      <h1
        className="MuiTypography-root MuiTypography-h1"
      >
        Editor
      </h1>
      <p
        className="MuiTypography-root MuiTypography-body1"
      >
        Labore labore ut est sit sanctus stet et. Eos lorem ipsum consetetur magna est voluptua. Lorem justo dolor eirmod est est aliquyam. Dolor sit kasd nonumy lorem tempor dolor no duo et, invidunt gubergren rebum at rebum, et nonumy lorem lorem diam ipsum, sadipscing diam voluptua accusam sit sit, dolor.
      </p>
    </div>
  </section>
  <section
    className="MuiGrid-root makeStyles-section-1 makeStyles-uploadForm-2 MuiGrid-container"
  >
    <div
      className="MuiGrid-root MuiGrid-item MuiGrid-grid-xs-12"
    >
      <h3
        className="MuiTypography-root MuiTypography-h3"
      >
        File Loader
      </h3>
      <p
        className="MuiTypography-root MuiTypography-body1"
      >
        Start by loading a file here.
      </p>
      <form
        className="makeStyles-form-5"
        onReset={[Function]}
        onSubmit={[Function]}
      >
        <div
          className="MuiGrid-root MuiGrid-container MuiGrid-align-items-xs-center"
        >
          <button
            className="MuiButtonBase-root MuiButton-root MuiButton-outlined"
            disabled={false}
            onBlur={[Function]}
            onDragLeave={[Function]}
            onFocus={[Function]}
            onKeyDown={[Function]}
            onKeyUp={[Function]}
            onMouseDown={[Function]}
            onMouseLeave={[Function]}
            onMouseUp={[Function]}
            onTouchEnd={[Function]}
            onTouchMove={[Function]}
            onTouchStart={[Function]}
            tabIndex={0}
            type="button"
          >
            <span
              className="MuiButton-label"
            >
              <label
                htmlFor="file-upload-input"
              >
                Select File
              </label>
            </span>
          </button>
          <p
            className="MuiTypography-root makeStyles-fileName-7 MuiTypography-body1"
          >
            No File Selected
          </p>
        </div>
        <input
          accept=".csv, .xls, .xlsx"
          className="makeStyles-hidden-6"
          id="file-upload-input"
          name="file-upload-input"
          onChange={[Function]}
          type="file"
        />
        <div
          className="MuiGrid-root MuiGrid-container MuiGrid-align-items-xs-center"
        >
          <button
            className="MuiButtonBase-root MuiButton-root MuiButton-contained makeStyles-formButton-8 MuiButton-containedPrimary"
            disabled={false}
            onBlur={[Function]}
            onDragLeave={[Function]}
            onFocus={[Function]}
            onKeyDown={[Function]}
            onKeyUp={[Function]}
            onMouseDown={[Function]}
            onMouseLeave={[Function]}
            onMouseUp={[Function]}
            onTouchEnd={[Function]}
            onTouchMove={[Function]}
            onTouchStart={[Function]}
            tabIndex={0}
            type="submit"
          >
            <span
              className="MuiButton-label"
            >
              Load
            </span>
          </button>
          <button
            className="MuiButtonBase-root MuiButton-root MuiButton-contained makeStyles-formButton-8"
            disabled={false}
            onBlur={[Function]}
            onDragLeave={[Function]}
            onFocus={[Function]}
            onKeyDown={[Function]}
            onKeyUp={[Function]}
            onMouseDown={[Function]}
            onMouseLeave={[Function]}
            onMouseUp={[Function]}
            onTouchEnd={[Function]}
            onTouchMove={[Function]}
            onTouchStart={[Function]}
            tabIndex={0}
            type="reset"
          >
            <span
              className="MuiButton-label"
            >
              Reset
            </span>
          </button>
        </div>
      </form>
    </div>
  </section>
</div>
`;
